#-----------------------------------------------------------
# Vivado v2022.1 (64-bit)
# SW Build 3526262 on Mon Apr 18 15:47:01 MDT 2022
# IP Build 3524634 on Mon Apr 18 20:55:01 MDT 2022
# Start of session at: Thu Dec  1 12:02:21 2022
# Process ID: 807000
# Current directory: /media/koops/VIVADO/huah_cubed_3drender
# Command line: vivado
# Log file: /media/koops/VIVADO/huah_cubed_3drender/vivado.log
# Journal file: /media/koops/VIVADO/huah_cubed_3drender/vivado.jou
# Running On: koops, OS: Linux, CPU Frequency: 3548.811 MHz, CPU Physical cores: 4, Host memory: 16698 MB
#-----------------------------------------------------------
start_gui
open_project /media/koops/VIVADO/float_ip/float_testing_vivado/float_testing_vivado.xpr
update_compile_order -fileset sources_1
set_property SOURCE_SET sources_1 [get_filesets float_test]
add_files -fileset float_test -norecurse /media/koops/VIVADO/huah_cubed_3drender/sim/float_functions_max_tb.sv
update_compile_order -fileset float_test
# Disabling source management mode.  This is to allow the top design properties to be set without GUI intervention.
set_property source_mgmt_mode None [current_project]
set_property top float_functions_max_tb [get_filesets float_test]
set_property top_lib xil_defaultlib [get_filesets float_test]
# Re-enabling previously disabled source management mode.
set_property source_mgmt_mode All [current_project]
update_compile_order -fileset float_test
launch_simulation -simset [get_filesets float_test ]
launch_simulation -simset [get_filesets float_test ]
source float_functions_max_tb.tcl
relaunch_sim
close_sim
launch_simulation -simset [get_filesets float_test ]
source float_functions_max_tb.tcl
relaunch_sim
close_sim
set_property SOURCE_SET sources_1 [get_filesets float_test]
add_files -fileset float_test -norecurse /media/koops/VIVADO/huah_cubed_3drender/sim/does_ray_block_intersect_tb.sv
update_compile_order -fileset float_test
# Disabling source management mode.  This is to allow the top design properties to be set without GUI intervention.
set_property source_mgmt_mode None [current_project]
set_property top does_ray_block_intersect_tb [get_filesets float_test]
set_property top_lib xil_defaultlib [get_filesets float_test]
# Re-enabling previously disabled source management mode.
set_property source_mgmt_mode All [current_project]
update_compile_order -fileset float_test
launch_simulation -simset [get_filesets float_test ]
source does_ray_block_intersect_tb.tcl
set_property -name {xsim.simulate.runtime} -value {5000} -objects [get_filesets float_test]
relaunch_sim
relaunch_sim
set_property -name {xsim.simulate.runtime} -value {2000 ns} -objects [get_filesets float_test]
relaunch_sim
relaunch_sim
relaunch_sim
relaunch_sim
relaunch_sim
relaunch_sim
relaunch_sim
close_sim
launch_simulation -simset [get_filesets float_test ]
source does_ray_block_intersect_tb.tcl
relaunch_sim
relaunch_sim
relaunch_sim
relaunch_sim
relaunch_sim
relaunch_sim
relaunch_sim
relaunch_sim
relaunch_sim
close_sim
launch_simulation -simset [get_filesets float_test ]
source does_ray_block_intersect_tb.tcl
relaunch_sim
relaunch_sim
relaunch_sim
close_sim
